// Jest Snapshot v1, https://goo.gl/fbAQLP

exports[`should match the snapshot 1`] = `
<div
  role="application"
>
  <div
    class="rdp  "
    id=":r0:"
  >
    <nav
      class="nav"
    >
      <button
        aria-label="Go to the Previous Month"
        class="button_previous"
        name="previous-month"
      >
        <svg
          height="24px"
          viewBox="0 0 24 24"
          width="24px"
        >
          <polygon
            points="15 17.23 9.43 11.5 15 5.76 13.28 4 6 11.5 13.28 19"
          />
        </svg>
      </button>
      <button
        aria-label="Go to the Next Month"
        class="button_next"
        name="next-month"
      >
        <svg
          height="24px"
          viewBox="0 0 24 24"
          width="24px"
        >
          <polygon
            points="9 17.23 14.56 11.5 9 5.76 10.71 4 18 11.5 10.71 19"
          />
        </svg>
      </button>
    </nav>
    <div
      class="months_wrapper"
    >
      <div
        class="month_grid_wrapper"
      >
        <div
          class="month_caption"
          id=":r0:-caption-0"
        >
          November 2021
           
        </div>
        <div
          aria-labelledby=":r0:-caption-0"
          aria-multiselectable="false"
          class="month_grid"
          id=":r0:-grid-0"
          role="grid"
        >
          <div
            aria-rowindex="1"
            class="weekdays_row"
            role="row"
          >
            <span
              aria-colindex="1"
              aria-label="Sunday"
              class="weekday_columnheader"
              role="columnheader"
            >
              Su
            </span>
            <span
              aria-colindex="2"
              aria-label="Monday"
              class="weekday_columnheader"
              role="columnheader"
            >
              Mo
            </span>
            <span
              aria-colindex="3"
              aria-label="Tuesday"
              class="weekday_columnheader"
              role="columnheader"
            >
              Tu
            </span>
            <span
              aria-colindex="4"
              aria-label="Wednesday"
              class="weekday_columnheader"
              role="columnheader"
            >
              We
            </span>
            <span
              aria-colindex="5"
              aria-label="Thursday"
              class="weekday_columnheader"
              role="columnheader"
            >
              Th
            </span>
            <span
              aria-colindex="6"
              aria-label="Friday"
              class="weekday_columnheader"
              role="columnheader"
            >
              Fr
            </span>
            <span
              aria-colindex="7"
              aria-label="Saturday"
              class="weekday_columnheader"
              role="columnheader"
            >
              Sa
            </span>
          </div>
          <div
            class="month_rowgroup"
            role="rowgroup"
          >
            <div
              aria-rowindex="2"
              class="week_row"
              role="row"
            >
              <div
                aria-colindex="1"
                aria-hidden="true"
                class="day day_outside day_hidden"
                role="gridcell"
                tabindex="-1"
              >
                31
              </div>
              <div
                aria-colindex="2"
                class="day"
                role="gridcell"
                tabindex="-1"
              >
                1
              </div>
              <div
                aria-colindex="3"
                class="day"
                role="gridcell"
                tabindex="-1"
              >
                2
              </div>
              <div
                aria-colindex="4"
                class="day"
                role="gridcell"
                tabindex="-1"
              >
                3
              </div>
              <div
                aria-colindex="5"
                class="day"
                role="gridcell"
                tabindex="-1"
              >
                4
              </div>
              <div
                aria-colindex="6"
                class="day"
                role="gridcell"
                tabindex="-1"
              >
                5
              </div>
              <div
                aria-colindex="7"
                class="day"
                role="gridcell"
                tabindex="-1"
              >
                6
              </div>
            </div>
            <div
              aria-rowindex="3"
              class="week_row"
              role="row"
            >
              <div
                aria-colindex="1"
                class="day"
                role="gridcell"
                tabindex="-1"
              >
                7
              </div>
              <div
                aria-colindex="2"
                class="day"
                role="gridcell"
                tabindex="-1"
              >
                8
              </div>
              <div
                aria-colindex="3"
                class="day"
                role="gridcell"
                tabindex="-1"
              >
                9
              </div>
              <div
                aria-colindex="4"
                class="day"
                role="gridcell"
                tabindex="-1"
              >
                10
              </div>
              <div
                aria-colindex="5"
                class="day"
                role="gridcell"
                tabindex="-1"
              >
                11
              </div>
              <div
                aria-colindex="6"
                class="day"
                role="gridcell"
                tabindex="-1"
              >
                12
              </div>
              <div
                aria-colindex="7"
                class="day"
                role="gridcell"
                tabindex="-1"
              >
                13
              </div>
            </div>
            <div
              aria-rowindex="4"
              class="week_row"
              role="row"
            >
              <div
                aria-colindex="1"
                class="day"
                role="gridcell"
                tabindex="-1"
              >
                14
              </div>
              <div
                aria-colindex="2"
                class="day"
                role="gridcell"
                tabindex="-1"
              >
                15
              </div>
              <div
                aria-colindex="3"
                class="day"
                role="gridcell"
                tabindex="-1"
              >
                16
              </div>
              <div
                aria-colindex="4"
                class="day"
                role="gridcell"
                tabindex="-1"
              >
                17
              </div>
              <div
                aria-colindex="5"
                class="day"
                role="gridcell"
                tabindex="-1"
              >
                18
              </div>
              <div
                aria-colindex="6"
                class="day"
                role="gridcell"
                tabindex="-1"
              >
                19
              </div>
              <div
                aria-colindex="7"
                class="day"
                role="gridcell"
                tabindex="-1"
              >
                20
              </div>
            </div>
            <div
              aria-rowindex="5"
              class="week_row"
              role="row"
            >
              <div
                aria-colindex="1"
                class="day"
                role="gridcell"
                tabindex="-1"
              >
                21
              </div>
              <div
                aria-colindex="2"
                class="day"
                role="gridcell"
                tabindex="-1"
              >
                22
              </div>
              <div
                aria-colindex="3"
                class="day"
                role="gridcell"
                tabindex="-1"
              >
                23
              </div>
              <div
                aria-colindex="4"
                class="day"
                role="gridcell"
                tabindex="-1"
              >
                24
              </div>
              <div
                aria-colindex="5"
                class="day day_today"
                role="gridcell"
                tabindex="-1"
              >
                25
              </div>
              <div
                aria-colindex="6"
                class="day"
                role="gridcell"
                tabindex="-1"
              >
                26
              </div>
              <div
                aria-colindex="7"
                class="day"
                role="gridcell"
                tabindex="-1"
              >
                27
              </div>
            </div>
            <div
              aria-rowindex="6"
              class="week_row"
              role="row"
            >
              <div
                aria-colindex="1"
                class="day"
                role="gridcell"
                tabindex="-1"
              >
                28
              </div>
              <div
                aria-colindex="2"
                class="day"
                role="gridcell"
                tabindex="-1"
              >
                29
              </div>
              <div
                aria-colindex="3"
                class="day"
                role="gridcell"
                tabindex="-1"
              >
                30
              </div>
              <div
                aria-colindex="4"
                aria-hidden="true"
                class="day day_outside day_hidden"
                role="gridcell"
                tabindex="-1"
              >
                1
              </div>
              <div
                aria-colindex="5"
                aria-hidden="true"
                class="day day_outside day_hidden"
                role="gridcell"
                tabindex="-1"
              >
                2
              </div>
              <div
                aria-colindex="6"
                aria-hidden="true"
                class="day day_outside day_hidden"
                role="gridcell"
                tabindex="-1"
              >
                3
              </div>
              <div
                aria-colindex="7"
                aria-hidden="true"
                class="day day_outside day_hidden"
                role="gridcell"
                tabindex="-1"
              >
                4
              </div>
            </div>
          </div>
        </div>
      </div>
    </div>
  </div>
</div>
`;
