// Jest Snapshot v1, https://goo.gl/fbAQLP

exports[`should match the snapshot 1`] = `
{
  "button_icon": "button_icon",
  "button_next": "button_next",
  "button_previous": "button_previous",
  "caption": "caption",
  "caption_between": "caption_between",
  "caption_dropdowns": "caption_dropdowns",
  "caption_end": "caption_end",
  "caption_label": "caption_label",
  "caption_start": "caption_start",
  "cell": "cell",
  "color_auto": "",
  "color_dark": "dark",
  "color_light": "light",
  "contrast_less": "contrast_less",
  "contrast_more": "contrast_more",
  "contrast_no-preference": "",
  "day": "day",
  "day_disabled": "day_disabled",
  "day_hidden": "day_hidden",
  "day_outside": "day_outside",
  "day_range_end": "day_range_end",
  "day_range_middle": "day_range_middle",
  "day_range_start": "day_range_start",
  "day_selected": "day_selected",
  "day_today": "day_today",
  "dropdown": "dropdown",
  "dropdown_icon": "dropdown_icon",
  "dropdown_month": "dropdown_month",
  "dropdown_year": "dropdown_year",
  "footer": "footer",
  "head": "head",
  "head_cell": "head_cell",
  "head_row": "head_row",
  "month_caption": "month_caption",
  "month_grid": "month_grid",
  "month_grid_wrapper": "month_grid_wrapper",
  "month_rowgroup": "month_rowgroup",
  "months_wrapper": "months_wrapper",
  "multiple_months": "multiple_months",
  "nav": "nav",
  "rdp": "rdp",
  "row": "row",
  "week_row": "week_row",
  "weekday_columnheader": "weekday_columnheader",
  "weekdays_row": "weekdays_row",
  "weeknumber_rowheader": "weeknumber_rowheader",
  "with_weeknumber": "with_weeknumber",
}
`;
