// Jest Snapshot v1, https://goo.gl/fbAQLP

exports[`should match the snapshot 1`] = `
<div
  role="application"
>
  <div
    class="rdp-calendar"
    dir="rtl"
    id=":r1:"
  >
    <div
      class="rdp-months"
    >
      <div
        class="rdp-nav"
        role="toolbar"
      >
        <button
          aria-controls=":r1:"
          aria-label="Previous Month"
          class="rdp-button_previous"
          name="previous-month"
          type="button"
        >
          <svg
            class="rdp-chevron"
            height="24"
            viewBox="0 0 24 24"
            width="24"
          >
            <polygon
              points="15 17.23 9.43 11.5 15 5.76 13.28 4 6 11.5 13.28 19"
            />
          </svg>
        </button>
        <button
          aria-controls=":r1:"
          aria-label="Next Month"
          class="rdp-button_next"
          name="next-month"
          type="button"
        >
          <svg
            class="rdp-chevron"
            height="24"
            viewBox="0 0 24 24"
            width="24"
          >
            <polygon
              points="8 18.23 13.57 12.5 8 6.76 9.72 5 17 12.5 9.72 20"
            />
          </svg>
        </button>
      </div>
      <div
        class="rdp-month_wrapper"
      >
        <div
          class="rdp-month_caption"
          id=":r1:-caption-0"
        >
          <span
            aria-label=""
            aria-live="polite"
            class="rdp-caption_label"
            role="status"
          >
            نوامبر 2021
          </span>
        </div>
        <div
          aria-labelledby=":r1:-caption-0"
          aria-multiselectable="false"
          class="rdp-month"
          id=":r1:-grid-0"
          role="grid"
        >
          <div
            aria-rowindex="1"
            class="rdp-weekdays"
            role="row"
          >
            <span
              aria-colindex="1"
              aria-label="شنبه"
              class="rdp-weekday"
              role="columnheader"
            >
              ش
            </span>
            <span
              aria-colindex="2"
              aria-label="یکشنبه"
              class="rdp-weekday"
              role="columnheader"
            >
              1ش
            </span>
            <span
              aria-colindex="3"
              aria-label="دوشنبه"
              class="rdp-weekday"
              role="columnheader"
            >
              2ش
            </span>
            <span
              aria-colindex="4"
              aria-label="سه‌شنبه"
              class="rdp-weekday"
              role="columnheader"
            >
              3ش
            </span>
            <span
              aria-colindex="5"
              aria-label="چهارشنبه"
              class="rdp-weekday"
              role="columnheader"
            >
              4ش
            </span>
            <span
              aria-colindex="6"
              aria-label="پنجشنبه"
              class="rdp-weekday"
              role="columnheader"
            >
              5ش
            </span>
            <span
              aria-colindex="7"
              aria-label="جمعه"
              class="rdp-weekday"
              role="columnheader"
            >
              ج
            </span>
          </div>
          <div
            class="rdp-weeks"
            role="rowgroup"
          >
            <div
              aria-rowindex="2"
              class="rdp-week"
              role="row"
            >
              <div
                aria-colindex="1"
                aria-hidden="true"
                aria-label=""
                class="rdp-day rdp-hidden rdp-outside"
                role="gridcell"
                tabindex="-1"
              >
                <span
                  class="rdp-day_date"
                >
                  30
                </span>
              </div>
              <div
                aria-colindex="2"
                aria-hidden="true"
                aria-label=""
                class="rdp-day rdp-hidden rdp-outside"
                role="gridcell"
                tabindex="-1"
              >
                <span
                  class="rdp-day_date"
                >
                  31
                </span>
              </div>
              <div
                aria-colindex="3"
                aria-label=""
                class="rdp-day rdp-focusable"
                role="gridcell"
                tabindex="-1"
              >
                <span
                  class="rdp-day_date"
                >
                  1
                </span>
              </div>
              <div
                aria-colindex="4"
                aria-label=""
                class="rdp-day rdp-focusable"
                role="gridcell"
                tabindex="-1"
              >
                <span
                  class="rdp-day_date"
                >
                  2
                </span>
              </div>
              <div
                aria-colindex="5"
                aria-label=""
                class="rdp-day rdp-focusable"
                role="gridcell"
                tabindex="-1"
              >
                <span
                  class="rdp-day_date"
                >
                  3
                </span>
              </div>
              <div
                aria-colindex="6"
                aria-label=""
                class="rdp-day rdp-focusable"
                role="gridcell"
                tabindex="-1"
              >
                <span
                  class="rdp-day_date"
                >
                  4
                </span>
              </div>
              <div
                aria-colindex="7"
                aria-label=""
                class="rdp-day rdp-focusable"
                role="gridcell"
                tabindex="-1"
              >
                <span
                  class="rdp-day_date"
                >
                  5
                </span>
              </div>
            </div>
            <div
              aria-rowindex="3"
              class="rdp-week"
              role="row"
            >
              <div
                aria-colindex="1"
                aria-label=""
                class="rdp-day rdp-focusable"
                role="gridcell"
                tabindex="-1"
              >
                <span
                  class="rdp-day_date"
                >
                  6
                </span>
              </div>
              <div
                aria-colindex="2"
                aria-label=""
                class="rdp-day rdp-focusable"
                role="gridcell"
                tabindex="-1"
              >
                <span
                  class="rdp-day_date"
                >
                  7
                </span>
              </div>
              <div
                aria-colindex="3"
                aria-label=""
                class="rdp-day rdp-focusable"
                role="gridcell"
                tabindex="-1"
              >
                <span
                  class="rdp-day_date"
                >
                  8
                </span>
              </div>
              <div
                aria-colindex="4"
                aria-label=""
                class="rdp-day rdp-focusable"
                role="gridcell"
                tabindex="-1"
              >
                <span
                  class="rdp-day_date"
                >
                  9
                </span>
              </div>
              <div
                aria-colindex="5"
                aria-label=""
                class="rdp-day rdp-focusable"
                role="gridcell"
                tabindex="-1"
              >
                <span
                  class="rdp-day_date"
                >
                  10
                </span>
              </div>
              <div
                aria-colindex="6"
                aria-label=""
                class="rdp-day rdp-focusable"
                role="gridcell"
                tabindex="-1"
              >
                <span
                  class="rdp-day_date"
                >
                  11
                </span>
              </div>
              <div
                aria-colindex="7"
                aria-label=""
                class="rdp-day rdp-focusable"
                role="gridcell"
                tabindex="-1"
              >
                <span
                  class="rdp-day_date"
                >
                  12
                </span>
              </div>
            </div>
            <div
              aria-rowindex="4"
              class="rdp-week"
              role="row"
            >
              <div
                aria-colindex="1"
                aria-label=""
                class="rdp-day rdp-focusable"
                role="gridcell"
                tabindex="-1"
              >
                <span
                  class="rdp-day_date"
                >
                  13
                </span>
              </div>
              <div
                aria-colindex="2"
                aria-label=""
                class="rdp-day rdp-focusable"
                role="gridcell"
                tabindex="-1"
              >
                <span
                  class="rdp-day_date"
                >
                  14
                </span>
              </div>
              <div
                aria-colindex="3"
                aria-label=""
                class="rdp-day rdp-focusable"
                role="gridcell"
                tabindex="-1"
              >
                <span
                  class="rdp-day_date"
                >
                  15
                </span>
              </div>
              <div
                aria-colindex="4"
                aria-label=""
                class="rdp-day rdp-focusable"
                role="gridcell"
                tabindex="-1"
              >
                <span
                  class="rdp-day_date"
                >
                  16
                </span>
              </div>
              <div
                aria-colindex="5"
                aria-label=""
                class="rdp-day rdp-focusable"
                role="gridcell"
                tabindex="-1"
              >
                <span
                  class="rdp-day_date"
                >
                  17
                </span>
              </div>
              <div
                aria-colindex="6"
                aria-label=""
                class="rdp-day rdp-focusable"
                role="gridcell"
                tabindex="-1"
              >
                <span
                  class="rdp-day_date"
                >
                  18
                </span>
              </div>
              <div
                aria-colindex="7"
                aria-label=""
                class="rdp-day rdp-focusable"
                role="gridcell"
                tabindex="-1"
              >
                <span
                  class="rdp-day_date"
                >
                  19
                </span>
              </div>
            </div>
            <div
              aria-rowindex="5"
              class="rdp-week"
              role="row"
            >
              <div
                aria-colindex="1"
                aria-label=""
                class="rdp-day rdp-focusable"
                role="gridcell"
                tabindex="-1"
              >
                <span
                  class="rdp-day_date"
                >
                  20
                </span>
              </div>
              <div
                aria-colindex="2"
                aria-label=""
                class="rdp-day rdp-focusable"
                role="gridcell"
                tabindex="-1"
              >
                <span
                  class="rdp-day_date"
                >
                  21
                </span>
              </div>
              <div
                aria-colindex="3"
                aria-label=""
                class="rdp-day rdp-focusable"
                role="gridcell"
                tabindex="-1"
              >
                <span
                  class="rdp-day_date"
                >
                  22
                </span>
              </div>
              <div
                aria-colindex="4"
                aria-label=""
                class="rdp-day rdp-focusable"
                role="gridcell"
                tabindex="-1"
              >
                <span
                  class="rdp-day_date"
                >
                  23
                </span>
              </div>
              <div
                aria-colindex="5"
                aria-label=""
                class="rdp-day rdp-focusable"
                role="gridcell"
                tabindex="-1"
              >
                <span
                  class="rdp-day_date"
                >
                  24
                </span>
              </div>
              <div
                aria-colindex="6"
                aria-label=""
                class="rdp-day rdp-focusable rdp-today"
                role="gridcell"
                tabindex="0"
              >
                <span
                  class="rdp-day_date"
                >
                  25
                </span>
              </div>
              <div
                aria-colindex="7"
                aria-label=""
                class="rdp-day rdp-focusable"
                role="gridcell"
                tabindex="-1"
              >
                <span
                  class="rdp-day_date"
                >
                  26
                </span>
              </div>
            </div>
            <div
              aria-rowindex="6"
              class="rdp-week"
              role="row"
            >
              <div
                aria-colindex="1"
                aria-label=""
                class="rdp-day rdp-focusable"
                role="gridcell"
                tabindex="-1"
              >
                <span
                  class="rdp-day_date"
                >
                  27
                </span>
              </div>
              <div
                aria-colindex="2"
                aria-label=""
                class="rdp-day rdp-focusable"
                role="gridcell"
                tabindex="-1"
              >
                <span
                  class="rdp-day_date"
                >
                  28
                </span>
              </div>
              <div
                aria-colindex="3"
                aria-label=""
                class="rdp-day rdp-focusable"
                role="gridcell"
                tabindex="-1"
              >
                <span
                  class="rdp-day_date"
                >
                  29
                </span>
              </div>
              <div
                aria-colindex="4"
                aria-label=""
                class="rdp-day rdp-focusable"
                role="gridcell"
                tabindex="-1"
              >
                <span
                  class="rdp-day_date"
                >
                  30
                </span>
              </div>
              <div
                aria-colindex="5"
                aria-hidden="true"
                aria-label=""
                class="rdp-day rdp-hidden rdp-outside"
                role="gridcell"
                tabindex="-1"
              >
                <span
                  class="rdp-day_date"
                >
                  1
                </span>
              </div>
              <div
                aria-colindex="6"
                aria-hidden="true"
                aria-label=""
                class="rdp-day rdp-hidden rdp-outside"
                role="gridcell"
                tabindex="-1"
              >
                <span
                  class="rdp-day_date"
                >
                  2
                </span>
              </div>
              <div
                aria-colindex="7"
                aria-hidden="true"
                aria-label=""
                class="rdp-day rdp-hidden rdp-outside"
                role="gridcell"
                tabindex="-1"
              >
                <span
                  class="rdp-day_date"
                >
                  3
                </span>
              </div>
            </div>
          </div>
        </div>
      </div>
    </div>
  </div>
</div>
`;
