// Jest Snapshot v1, https://goo.gl/fbAQLP

exports[`should return the default classnames 1`] = `
{
  "button_next": "rdp-button_next",
  "button_previous": "rdp-button_previous",
  "caption": "rdp-caption",
  "caption_dropdowns": "rdp-caption_dropdowns",
  "caption_label": "rdp-caption_label",
  "day": "rdp-day",
  "disabled": "rdp-day_disabled",
  "dropdown": "rdp-dropdown",
  "dropdown_nav": "rdp-dropdown_nav",
  "dropdown_root": "rdp-dropdown_root",
  "excluded": "rdp-day_excluded",
  "focusable": "rdp-day_focusable",
  "focused": "rdp-day_focused",
  "footer": "rdp-footer",
  "multiple_months": "rdp-multiple_months",
  "has_weeknumbers": "rdp-has_weeknumbers",
  "hidden": "rdp-day_hidden",
  "hide_weekdays": "rdp-hide_weekdays",
  "month_caption": "rdp-month_caption",
  "month": "rdp-month",
  "month_wrapper": "rdp-month_wrapper",
  "weeks": "rdp-weeks",
  "months": "rdp-months",
  "months_dropdown": "rdp-months_dropdown",
  "nav": "rdp-nav",
  "outside": "rdp-day_outside",
  "range_end": "rdp-day_range_end",
  "range_middle": "rdp-day_range_middle",
  "range_start": "rdp-day_range_start",
  "rdp": "rdp",
  "select": "rdp-select",
  "selected": "rdp-day_selected",
  "today": "rdp-day_today",
  "week": "rdp-week",
  "weekday_column_header": "rdp-weekday",
  "weekdays": "rdp-weekdays",
  "weeknumber_row_header": "rdp-weeknumber",
  "years_dropdown": "rdp_years_dropdown",
}
`;
